// Jest Snapshot v1, https://goo.gl/fbAQLP

exports[`[App] renders correctly 1`] = `
"<Provider store={{...}}>
  <NavigationContainer />
</Provider>"
`;
